


materialPath: D:\SteamLibrary\steamapps\common\GarrysMod\garrysmod\materials
Loading C:\Users\henry\Desktop\Maps\stamina 3.vmf
fixing up env_cubemap materials on brush sides...
ProcessBlock_Thread: 0...1...2...3...4...5...6...7...8...9...10 (0)
**** leaked ****
Entity info_player_start (128.00 2924.00 -4284.00) leaked!
Processing areas...done (0)
Building Faces...done (0)
FixTjuncs...
PruneNodes...
WriteBSP...
done (0)
Creating default LDR cubemaps for env_cubemap using skybox materials:
   skybox/sky_day01_01*.vmt
 ! Run buildcubemaps in the engine to get the correct cube maps.
*** Error: Skybox vtf files for skybox/sky_day01_01 weren't compiled with the same size texture and/or same flags!
Can't load skybox file skybox/sky_day01_01 to build the default cubemap!
Finding displacement neighbors...
Finding lightmap sample positions...
Displacement Alpha : 0...1...2...3...4...5...6...7...8...9...10
Building Physics collision data...
done (0) (12673 bytes)
Placing detail props : 0...1...2...3...4...5...6...7...8...9...10
Compacting texture/material tables...
Reduced 87 texinfos to 70
Reduced 5 texdatas to 4 (134 bytes to 94)
Writing C:\Users\henry\Desktop\Maps\stamina 3.bsp
0 seconds elapsed



8 threads
reading c:\users\henry\desktop\maps\stamina 3.bsp
reading c:\users\henry\desktop\maps\stamina 3.prt
LoadPortals: couldn't read c:\users\henry\desktop\maps\stamina 3.prt



materialPath: D:\SteamLibrary\steamapps\common\GarrysMod\garrysmod\materials
Loading C:\Users\henry\Desktop\Maps\stamina 3.vmf
fixing up env_cubemap materials on brush sides...
ProcessBlock_Thread: 0...1...2...3...4...5...6...7...8...9...10 (0)
**** leaked ****
Entity info_player_start (128.00 2924.00 -4284.00) leaked!
Processing areas...done (0)
Building Faces...done (0)
FixTjuncs...
PruneNodes...
WriteBSP...
done (0)
Creating default LDR cubemaps for env_cubemap using skybox materials:
   skybox/sky_day01_01*.vmt
 ! Run buildcubemaps in the engine to get the correct cube maps.
*** Error: Skybox vtf files for skybox/sky_day01_01 weren't compiled with the same size texture and/or same flags!
Can't load skybox file skybox/sky_day01_01 to build the default cubemap!
Finding displacement neighbors...
Finding lightmap sample positions...
Displacement Alpha : 0...1...2...3...4...5...6...7...8...9...10
Building Physics collision data...
done (0) (12673 bytes)
Placing detail props : 0...1...2...3...4...5...6...7...8...9...10
Compacting texture/material tables...
Reduced 87 texinfos to 70
Reduced 5 texdatas to 4 (134 bytes to 94)
Writing C:\Users\henry\Desktop\Maps\stamina 3.bsp
0 seconds elapsed



8 threads
reading c:\users\henry\desktop\maps\stamina 3.bsp
reading c:\users\henry\desktop\maps\stamina 3.prt
LoadPortals: couldn't read c:\users\henry\desktop\maps\stamina 3.prt



materialPath: D:\SteamLibrary\steamapps\common\GarrysMod\garrysmod\materials
Loading C:\Users\henry\Desktop\Maps\stamina 3.vmf
fixing up env_cubemap materials on brush sides...
ProcessBlock_Thread: 0...1...2...3...4...5...6...7...8...9...10 (0)
**** leaked ****
Entity info_player_start (128.00 2924.00 -4284.00) leaked!
Processing areas...done (0)
Building Faces...done (0)
FixTjuncs...
PruneNodes...
WriteBSP...
done (0)
Creating default LDR cubemaps for env_cubemap using skybox materials:
   skybox/sky_day01_01*.vmt
 ! Run buildcubemaps in the engine to get the correct cube maps.
*** Error: Skybox vtf files for skybox/sky_day01_01 weren't compiled with the same size texture and/or same flags!
Can't load skybox file skybox/sky_day01_01 to build the default cubemap!
Finding displacement neighbors...
Finding lightmap sample positions...
Displacement Alpha : 0...1...2...3...4...5...6...7...8...9...10
Building Physics collision data...
done (0) (12673 bytes)
Placing detail props : 0...1...2...3...4...5...6...7...8...9...10
Compacting texture/material tables...
Reduced 87 texinfos to 70
Reduced 5 texdatas to 4 (134 bytes to 94)
Writing C:\Users\henry\Desktop\Maps\stamina 3.bsp
0 seconds elapsed



8 threads
reading c:\users\henry\desktop\maps\stamina 3.bsp
reading c:\users\henry\desktop\maps\stamina 3.prt
LoadPortals: couldn't read c:\users\henry\desktop\maps\stamina 3.prt



materialPath: D:\SteamLibrary\steamapps\common\GarrysMod\garrysmod\materials
Loading C:\Users\henry\Desktop\Maps\stamina 3.vmf
fixing up env_cubemap materials on brush sides...
ProcessBlock_Thread: 0...1...2...3...4...5...6...7...8...9...10 (0)
**** leaked ****
Entity info_player_start (388.00 2904.00 -4283.00) leaked!
Processing areas...done (0)
Building Faces...done (0)
FixTjuncs...
PruneNodes...
WriteBSP...
done (0)
Creating default LDR cubemaps for env_cubemap using skybox materials:
   skybox/sky_day01_01*.vmt
 ! Run buildcubemaps in the engine to get the correct cube maps.
*** Error: Skybox vtf files for skybox/sky_day01_01 weren't compiled with the same size texture and/or same flags!
Can't load skybox file skybox/sky_day01_01 to build the default cubemap!
Finding displacement neighbors...
Finding lightmap sample positions...
Displacement Alpha : 0...1...2...3...4...5...6...7...8...9...10
Building Physics collision data...
done (0) (12673 bytes)
Placing detail props : 0...1...2...3...4...5...6...7...8...9...10
Compacting texture/material tables...
Reduced 87 texinfos to 70
Reduced 5 texdatas to 4 (134 bytes to 94)
Writing C:\Users\henry\Desktop\Maps\stamina 3.bsp
0 seconds elapsed



8 threads
reading c:\users\henry\desktop\maps\stamina 3.bsp
reading c:\users\henry\desktop\maps\stamina 3.prt
LoadPortals: couldn't read c:\users\henry\desktop\maps\stamina 3.prt



materialPath: D:\SteamLibrary\steamapps\common\GarrysMod\garrysmod\materials
Loading C:\Users\henry\Desktop\Maps\stamina 3.vmf
fixing up env_cubemap materials on brush sides...
ProcessBlock_Thread: 0...1...2...3...4...5...6...7...8...9...10 (0)
**** leaked ****
Entity info_player_start (388.00 2904.00 -4283.00) leaked!
Processing areas...done (0)
Building Faces...done (0)
FixTjuncs...
PruneNodes...
WriteBSP...
done (0)
Creating default LDR cubemaps for env_cubemap using skybox materials:
   skybox/sky_day01_01*.vmt
 ! Run buildcubemaps in the engine to get the correct cube maps.
*** Error: Skybox vtf files for skybox/sky_day01_01 weren't compiled with the same size texture and/or same flags!
Can't load skybox file skybox/sky_day01_01 to build the default cubemap!
Finding displacement neighbors...
Finding lightmap sample positions...
Displacement Alpha : 0...1...2...3...4...5...6...7...8...9...10
Building Physics collision data...
done (0) (12673 bytes)
Placing detail props : 0...1...2...3...4...5...6...7...8...9...10
Compacting texture/material tables...
Reduced 87 texinfos to 70
Reduced 5 texdatas to 4 (134 bytes to 94)
Writing C:\Users\henry\Desktop\Maps\stamina 3.bsp
0 seconds elapsed



8 threads
reading c:\users\henry\desktop\maps\stamina 3.bsp
reading c:\users\henry\desktop\maps\stamina 3.prt
LoadPortals: couldn't read c:\users\henry\desktop\maps\stamina 3.prt



[Reading texlights from 'lights.rad']
[51 texlights parsed from 'lights.rad']
Loading c:\users\henry\desktop\maps\stamina 3.bsp
No vis information, direct lighting only.
BuildFacelights:     0...1...2...3...4...5...6...7...8...9...10 (0)
Build Patch/Sample Hash Table(s).....Done<0.0375 sec>
FinalLightFace:      0...1...2...3...4...5...6...7...8...9...10 (0)
FinalLightFace Done
0 of 0 (0% of) surface lights went in leaf ambient cubes.
ThreadComputeLeafAmbient: 0...1...2...3...4...5...6...7...8...9...10 (0)
Writing leaf ambient...done
Ready to Finish

Object names       Objects/Maxobjs  Memory / Maxmem  Fullness 
------------       ---------------  ---------------  -------- 
models                   1/4096           48/196608   ( 0.0%) 
brushes                 32/65535         384/786420   ( 0.0%) 
brushsides             290/655350       2320/5242800  ( 0.0%) 
planes                 418/65536        8360/1310720  ( 0.6%) 
vertexes              2699/65536       32388/786432   ( 4.1%) 
nodes                  679/65536       21728/2097152  ( 1.0%) 
texinfos                70/16384        5040/1179648  ( 0.4%) 
texdata                  4/8192          128/262144   ( 0.0%) 
dispinfos                0/0               0/0        ( 0.0%) 
disp_verts               0/0               0/0        ( 0.0%) 
disp_tris                0/0               0/0        ( 0.0%) 
disp_multiblend          0/0               0/0        ( 0.0%) 
disp_lmsamples           0/0               0/0        ( 0.0%) 
faces                 2313/65536      129528/3670016  ( 3.5%) 
hdr faces                0/65536           0/3670016  ( 0.0%) 
origfaces              134/65536        7504/3670016  ( 0.2%) 
leaves                 681/65536       21792/2097152  ( 1.0%) 
leaffaces             2377/65536        4754/131072   ( 3.6%) 
leafbrushes            265/65536         530/131072   ( 0.4%) 
areas                    2/1024           16/8192     ( 0.2%) 
surfedges            10424/512000      41696/2048000  ( 2.0%) 
edges                 5332/256000      21328/1024000  ( 2.1%) 
LDR worldlights          0/8192            0/720896   ( 0.0%) 
HDR worldlights          0/8192            0/720896   ( 0.0%) 
leafwaterdata            0/32768           0/393216   ( 0.0%) 
waterstrips            104/32768        1040/327680   ( 0.3%) 
waterverts               0/65536           0/786432   ( 0.0%) 
waterindices          1377/65536        2754/131072   ( 2.1%) 
cubemapsamples           0/1024            0/16384    ( 0.0%) 
overlays                 0/8192            0/2883584  ( 0.0%) 
LDR lightdata         [variable]     4181488/0        ( 0.0%) 
HDR lightdata         [variable]           0/0        ( 0.0%) 
visdata               [variable]           0/16777216 ( 0.0%) 
entdata               [variable]        2367/4194304  ( 0.1%) 
LDR ambient table      681/65536        2724/262144   ( 1.0%) 
HDR ambient table      681/65536        2724/262144   ( 1.0%) 
LDR leaf ambient       448/65536       12544/1835008  ( 0.7%) 
HDR leaf ambient       681/65536       19068/1835008  ( 1.0%) 
occluders                0/0               0/0        ( 0.0%) 
occluder polygons        0/0               0/0        ( 0.0%) 
occluder vert ind        0/0               0/0        ( 0.0%) 
detail props          [variable]          12/0        ( 0.0%) 
static props          [variable]          12/0        ( 0.0%) 
static prop count        0/16384           0/0        ( 0.0%) 
pakfile               [variable]       49981/0        ( 0.0%) 
physics               [variable]       12673/4194304  ( 0.3%) 
physics terrain       [variable]           2/1048576  ( 0.0%) 

Level flags = 0

Total triangle count: 5262
Writing c:\users\henry\desktop\maps\stamina 3.bsp
0 seconds elapsed

