


materialPath: D:\SteamLibrary\steamapps\common\GarrysMod\garrysmod\materials
Loading C:\Users\henry\Desktop\stamina 3 beta.vmf
fixing up env_cubemap materials on brush sides...
ProcessBlock_Thread: 0...1...2...3...4...5...6...7...8...9...10 (0)
**** leaked ****
Entity prop_coreball (-1116.00 4276.00 -3712.00) leaked!
Processing areas...done (0)
Building Faces...done (0)
FixTjuncs...
PruneNodes...
WriteBSP...
done (0)
Creating default LDR cubemaps for env_cubemap using skybox materials:
   skybox/sky_day01_01*.vmt
 ! Run buildcubemaps in the engine to get the correct cube maps.
*** Error: Skybox vtf files for skybox/sky_day01_01 weren't compiled with the same size texture and/or same flags!
Can't load skybox file skybox/sky_day01_01 to build the default cubemap!
Finding displacement neighbors...
Finding lightmap sample positions...
Displacement Alpha : 0...1...2...3...4...5...6...7...8...9...10
Building Physics collision data...
done (0) (12673 bytes)
Placing detail props : 0...1...2...3...4...5...6...7...8...9...10
Compacting texture/material tables...
Reduced 87 texinfos to 70
Reduced 5 texdatas to 4 (139 bytes to 94)
Writing C:\Users\henry\Desktop\stamina 3 beta.bsp
0 seconds elapsed



8 threads
reading c:\users\henry\desktop\stamina 3 beta.bsp
reading c:\users\henry\desktop\stamina 3 beta.prt
LoadPortals: couldn't read c:\users\henry\desktop\stamina 3 beta.prt



materialPath: D:\SteamLibrary\steamapps\common\GarrysMod\garrysmod\materials
Loading C:\Users\henry\Desktop\stamina 3 beta.vmf
fixing up env_cubemap materials on brush sides...
ProcessBlock_Thread: 0...1...2...3...4...5...6...7...8...9...10 (0)
**** leaked ****
Entity env_beam (-1116.00 4276.00 -3712.00) leaked!
Processing areas...done (0)
Building Faces...done (0)
FixTjuncs...
PruneNodes...
WriteBSP...
done (0)
Creating default LDR cubemaps for env_cubemap using skybox materials:
   skybox/sky_day01_01*.vmt
 ! Run buildcubemaps in the engine to get the correct cube maps.
*** Error: Skybox vtf files for skybox/sky_day01_01 weren't compiled with the same size texture and/or same flags!
Can't load skybox file skybox/sky_day01_01 to build the default cubemap!
Finding displacement neighbors...
Finding lightmap sample positions...
Displacement Alpha : 0...1...2...3...4...5...6...7...8...9...10
Building Physics collision data...
done (0) (12673 bytes)
Placing detail props : 0...1...2...3...4...5...6...7...8...9...10
Compacting texture/material tables...
Reduced 87 texinfos to 70
Reduced 5 texdatas to 4 (139 bytes to 94)
Writing C:\Users\henry\Desktop\stamina 3 beta.bsp
0 seconds elapsed



8 threads
reading c:\users\henry\desktop\stamina 3 beta.bsp
reading c:\users\henry\desktop\stamina 3 beta.prt
LoadPortals: couldn't read c:\users\henry\desktop\stamina 3 beta.prt



materialPath: D:\SteamLibrary\steamapps\common\GarrysMod\garrysmod\materials
Loading C:\Users\henry\Desktop\stamina 3 beta.vmf
fixing up env_cubemap materials on brush sides...
ProcessBlock_Thread: 0...1...2...3...4...5...6...7...8...9...10 (0)
**** leaked ****
Entity prop_door_rotating (588.00 3780.00 -4228.00) leaked!
Processing areas...done (0)
Building Faces...done (0)
FixTjuncs...
PruneNodes...
WriteBSP...
done (0)
Creating default LDR cubemaps for env_cubemap using skybox materials:
   skybox/sky_day01_01*.vmt
 ! Run buildcubemaps in the engine to get the correct cube maps.
*** Error: Skybox vtf files for skybox/sky_day01_01 weren't compiled with the same size texture and/or same flags!
Can't load skybox file skybox/sky_day01_01 to build the default cubemap!
Finding displacement neighbors...
Finding lightmap sample positions...
Displacement Alpha : 0...1...2...3...4...5...6...7...8...9...10
Building Physics collision data...
done (0) (12673 bytes)
Placing detail props : 0...1...2...3...4...5...6...7...8...9...10
Compacting texture/material tables...
Reduced 87 texinfos to 70
Reduced 5 texdatas to 4 (139 bytes to 94)
Writing C:\Users\henry\Desktop\stamina 3 beta.bsp
0 seconds elapsed



8 threads
reading c:\users\henry\desktop\stamina 3 beta.bsp
reading c:\users\henry\desktop\stamina 3 beta.prt
LoadPortals: couldn't read c:\users\henry\desktop\stamina 3 beta.prt



materialPath: D:\SteamLibrary\steamapps\common\GarrysMod\garrysmod\materials
Loading C:\Users\henry\Desktop\stamina 3 beta.vmf
fixing up env_cubemap materials on brush sides...
ProcessBlock_Thread: 0...1...2...3...4...5...6...7...8...9...10 (0)
**** leaked ****
Entity info_player_start (128.00 2924.00 -4284.00) leaked!
Processing areas...done (0)
Building Faces...done (0)
FixTjuncs...
PruneNodes...
WriteBSP...
done (0)
Creating default LDR cubemaps for env_cubemap using skybox materials:
   skybox/sky_day01_01*.vmt
 ! Run buildcubemaps in the engine to get the correct cube maps.
*** Error: Skybox vtf files for skybox/sky_day01_01 weren't compiled with the same size texture and/or same flags!
Can't load skybox file skybox/sky_day01_01 to build the default cubemap!
Finding displacement neighbors...
Finding lightmap sample positions...
Displacement Alpha : 0...1...2...3...4...5...6...7...8...9...10
Building Physics collision data...
done (0) (12673 bytes)
Placing detail props : 0...1...2...3...4...5...6...7...8...9...10
Compacting texture/material tables...
Reduced 87 texinfos to 70
Reduced 5 texdatas to 4 (139 bytes to 94)
Writing C:\Users\henry\Desktop\stamina 3 beta.bsp
0 seconds elapsed



8 threads
reading c:\users\henry\desktop\stamina 3 beta.bsp
reading c:\users\henry\desktop\stamina 3 beta.prt
LoadPortals: couldn't read c:\users\henry\desktop\stamina 3 beta.prt



materialPath: D:\SteamLibrary\steamapps\common\GarrysMod\garrysmod\materials
Loading C:\Users\henry\Desktop\stamina 3 beta.vmf
fixing up env_cubemap materials on brush sides...
ProcessBlock_Thread: 0...1...2...3...4...5...6...7...8...9...10 (0)
**** leaked ****
Entity info_player_start (128.00 2924.00 -4284.00) leaked!
Processing areas...done (0)
Building Faces...done (0)
FixTjuncs...
PruneNodes...
WriteBSP...
done (0)
Creating default LDR cubemaps for env_cubemap using skybox materials:
   skybox/sky_day02_02*.vmt
 ! Run buildcubemaps in the engine to get the correct cube maps.
*** Error: Skybox vtf files for skybox/sky_day02_02 weren't compiled with the same size texture and/or same flags!
Can't load skybox file skybox/sky_day02_02 to build the default cubemap!
Finding displacement neighbors...
Finding lightmap sample positions...
Displacement Alpha : 0...1...2...3...4...5...6...7...8...9...10
Building Physics collision data...
done (0) (12673 bytes)
Placing detail props : 0...1...2...3...4...5...6...7...8...9...10
Compacting texture/material tables...
Reduced 87 texinfos to 70
Reduced 5 texdatas to 4 (139 bytes to 94)
Writing C:\Users\henry\Desktop\stamina 3 beta.bsp
0 seconds elapsed



8 threads
reading c:\users\henry\desktop\stamina 3 beta.bsp
reading c:\users\henry\desktop\stamina 3 beta.prt
LoadPortals: couldn't read c:\users\henry\desktop\stamina 3 beta.prt
