


materialPath: D:\SteamLibrary\steamapps\common\GarrysMod\garrysmod\materials
Loading C:\Users\henry\Desktop\stamina city.vmf
fixing up env_cubemap materials on brush sides...
ProcessBlock_Thread: 0...1...2...3...4...5...6...7...8...9...10 (0)
**** leaked ****
Entity info_player_start (64.00 -128.00 65.00) leaked!
Processing areas...done (0)
Building Faces...done (0)
FixTjuncs...
PruneNodes...
WriteBSP...
done (0)
Creating default LDR cubemaps for env_cubemap using skybox materials:
   skybox/sky_day01_01*.vmt
 ! Run buildcubemaps in the engine to get the correct cube maps.
*** Error: Skybox vtf files for skybox/sky_day01_01 weren't compiled with the same size texture and/or same flags!
Can't load skybox file skybox/sky_day01_01 to build the default cubemap!
Finding displacement neighbors...
Finding lightmap sample positions...
Displacement Alpha : 0...1...2...3...4...5...6...7...8...9...10
Building Physics collision data...
done (0) (575 bytes)
Placing detail props : 0...1...2...3...4...5...6...7...8...9...10
Compacting texture/material tables...
Reduced 3 texinfos to 3
Reduced 1 texdatas to 1 (25 bytes to 25)
Writing C:\Users\henry\Desktop\stamina city.bsp
0 seconds elapsed



8 threads
reading c:\users\henry\desktop\stamina city.bsp
reading c:\users\henry\desktop\stamina city.prt
LoadPortals: couldn't read c:\users\henry\desktop\stamina city.prt



materialPath: D:\SteamLibrary\steamapps\common\GarrysMod\garrysmod\materials
Loading C:\Users\henry\Desktop\stamina city.vmf
fixing up env_cubemap materials on brush sides...
ProcessBlock_Thread: 0...1...2...3...4...5...6...7...8...9...10 (0)
**** leaked ****
Processing areas...done (0)
Building Faces...done (0)
FixTjuncs...
PruneNodes...
WriteBSP...
done (0)
Creating default LDR cubemaps for env_cubemap using skybox materials:
   skybox/sky_day01_01*.vmt
 ! Run buildcubemaps in the engine to get the correct cube maps.
*** Error: Skybox vtf files for skybox/sky_day01_01 weren't compiled with the same size texture and/or same flags!
Can't load skybox file skybox/sky_day01_01 to build the default cubemap!
Finding displacement neighbors...
Finding lightmap sample positions...
Displacement Alpha : 0...1...2...3...4...5...6...7...8...9...10
Building Physics collision data...
done (0) (575 bytes)
Placing detail props : 0...1...2...3...4...5...6...7...8...9...10
Compacting texture/material tables...
Reduced 3 texinfos to 3
Reduced 1 texdatas to 1 (25 bytes to 25)
Writing C:\Users\henry\Desktop\stamina city.bsp
0 seconds elapsed



8 threads
reading c:\users\henry\desktop\stamina city.bsp
reading c:\users\henry\desktop\stamina city.prt
LoadPortals: couldn't read c:\users\henry\desktop\stamina city.prt
